// Jest Snapshot v1, https://goo.gl/fbAQLP

exports[`box should render box 1`] = `
.emotion-0 {
  width: 500px;
  height: 50%;
  color: #898896;
  background: #00659e;
  cursor: pointer;
  font-family: Mulish;
  font-size: 11px;
  font-weight: 400;
  -webkit-box-flex: 1;
  -webkit-flex-grow: 1;
  -ms-flex-positive: 1;
  flex-grow: 1;
  padding: 20px;
  -webkit-user-select: none;
  -moz-user-select: none;
  -ms-user-select: none;
  user-select: none;
}

<div>
  <div
    class="emotion-0"
  >
    child
  </div>
</div>
`;
