// Jest Snapshot v1, https://goo.gl/fbAQLP

exports[`typography should render typography 1`] = `
.emotion-0 {
  color: #898896;
  background: #00659e;
  padding: 12px;
  text-align: center;
  white-space: nowrap;
  text-overflow: ellipsis;
  font-family: Mulish;
  font-size: 24px;
  font-weight: 700;
}

<div>
  <div
    class="emotion-0"
  >
    child
  </div>
</div>
`;
